[0m14:48:54.499825 [debug] [MainThread]: Sending event: {'category': 'dbt', 'action': 'invocation', 'label': 'start', 'context': [<snowplow_tracker.self_describing_json.SelfDescribingJson object at 0x000001C9A08FA250>, <snowplow_tracker.self_describing_json.SelfDescribingJson object at 0x000001C99E9EE750>, <snowplow_tracker.self_describing_json.SelfDescribingJson object at 0x000001C9A088F690>]}


============================== 14:48:54.505824 | 23fdf5a7-79dd-4605-9ad4-6da75f77b3cf ==============================
[0m14:48:54.505824 [info ] [MainThread]: Running with dbt=1.11.11
[0m14:48:54.506825 [debug] [MainThread]: running dbt with arguments {'static_parser': 'True', 'cache_selected_only': 'False', 'send_anonymous_usage_stats': 'True', 'log_format': 'default', 'log_path': 'logs', 'empty': 'None', 'printer_width': '80', 'version_check': 'True', 'use_experimental_parser': 'False', 'quiet': 'False', 'debug': 'False', 'warn_error_options': 'WarnErrorOptionsV2(error=[], warn=[], silence=[])', 'invocation_command': 'dbt init dbt_pg_tutorial', 'profiles_dir': 'C:\\Users\\flash\\.dbt', 'partial_parse': 'True', 'write_json': 'True', 'no_print': 'None', 'target_path': 'None', 'warn_error': 'None', 'fail_fast': 'False', 'introspect': 'True', 'use_colors': 'True', 'indirect_selection': 'eager', 'log_cache_events': 'False'}
[0m14:48:54.527846 [info ] [MainThread]: Creating dbt configuration folder at C:\Users\flash\.dbt
[0m14:48:54.530352 [debug] [MainThread]: Starter project path: C:\Users\flash\anaconda3\envs\DBT_env\Lib\site-packages\dbt\include\starter_project
[0m14:48:54.564528 [info ] [MainThread]: 
Your new dbt project "dbt_pg_tutorial" was created!

For more information on how to configure the profiles.yml file,
please consult the dbt documentation here:

  https://docs.getdbt.com/docs/configure-your-profile

One more thing:

Need help? Don't hesitate to reach out to us via GitHub issues or on Slack:

  https://community.getdbt.com/

Happy modeling!

[0m14:48:54.565526 [info ] [MainThread]: Setting up your profile.
[0m14:50:37.113306 [info ] [MainThread]: Profile dbt_pg_tutorial written to C:\Users\flash\.dbt\profiles.yml using target's profile_template.yml and your supplied values. Run 'dbt debug' to validate the connection.
[0m14:50:37.116307 [debug] [MainThread]: Command `dbt init` succeeded at 14:50:37.115307 after 102.74 seconds
[0m14:50:37.117307 [debug] [MainThread]: Sending event: {'category': 'dbt', 'action': 'invocation', 'label': 'end', 'context': [<snowplow_tracker.self_describing_json.SelfDescribingJson object at 0x000001C998C49250>, <snowplow_tracker.self_describing_json.SelfDescribingJson object at 0x000001C9A08D0150>, <snowplow_tracker.self_describing_json.SelfDescribingJson object at 0x000001C9A08D0210>]}
[0m14:50:37.118306 [debug] [MainThread]: Flushing usage events
[0m14:50:37.587998 [debug] [MainThread]: An error was encountered while trying to flush usage events
[0m14:50:48.506393 [debug] [MainThread]: Sending event: {'category': 'dbt', 'action': 'invocation', 'label': 'start', 'context': [<snowplow_tracker.self_describing_json.SelfDescribingJson object at 0x000001D5949B0C90>, <snowplow_tracker.self_describing_json.SelfDescribingJson object at 0x000001D5938E3B10>, <snowplow_tracker.self_describing_json.SelfDescribingJson object at 0x000001D592ABE7D0>]}


============================== 14:50:48.510903 | bcd18e71-6dc8-49fd-bb07-f6fff75078b9 ==============================
[0m14:50:48.510903 [info ] [MainThread]: Running with dbt=1.11.11
[0m14:50:48.511903 [debug] [MainThread]: running dbt with arguments {'static_parser': 'True', 'cache_selected_only': 'False', 'log_format': 'default', 'send_anonymous_usage_stats': 'True', 'log_cache_events': 'False', 'empty': 'None', 'printer_width': '80', 'version_check': 'True', 'log_path': 'logs', 'use_experimental_parser': 'False', 'debug': 'False', 'warn_error_options': 'WarnErrorOptionsV2(error=[], warn=[], silence=[])', 'invocation_command': 'dbt debug', 'profiles_dir': 'C:\\Users\\flash\\.dbt', 'partial_parse': 'True', 'write_json': 'True', 'no_print': 'None', 'target_path': 'None', 'warn_error': 'None', 'fail_fast': 'False', 'introspect': 'True', 'use_colors': 'True', 'indirect_selection': 'eager', 'quiet': 'False'}
[0m14:50:48.553032 [info ] [MainThread]: dbt version: 1.11.11
[0m14:50:48.555034 [info ] [MainThread]: python version: 3.11.15
[0m14:50:48.555034 [info ] [MainThread]: python path: C:\Users\flash\anaconda3\envs\DBT_env\python.exe
[0m14:50:48.556032 [info ] [MainThread]: os info: Windows-10-10.0.26200-SP0
[0m14:50:48.647690 [info ] [MainThread]: Using profiles dir at C:\Users\flash\.dbt
[0m14:50:48.648691 [info ] [MainThread]: Using profiles.yml file at C:\Users\flash\.dbt\profiles.yml
[0m14:50:48.649693 [info ] [MainThread]: Using dbt_project.yml file at C:\Users\flash\Desktop\Jobvorbereitungen\Projekte\DBT\dbt_project.yml
[0m14:50:48.650690 [info ] [MainThread]: adapter type: postgres
[0m14:50:48.651693 [info ] [MainThread]: adapter version: 1.10.0
[0m14:50:48.651693 [info ] [MainThread]: Configuration:
[0m14:50:48.652691 [info ] [MainThread]:   profiles.yml file [[32mOK found and valid[0m]
[0m14:50:48.653697 [info ] [MainThread]:   dbt_project.yml file [[31mERROR not found[0m]
[0m14:50:48.653697 [info ] [MainThread]: Required dependencies:
[0m14:50:48.653697 [debug] [MainThread]: Executing "git --help"
[0m14:50:48.745386 [debug] [MainThread]: STDOUT: "b"usage: git [-v | --version] [-h | --help] [-C <path>] [-c <name>=<value>]\n           [--exec-path[=<path>]] [--html-path] [--man-path] [--info-path]\n           [-p | --paginate | -P | --no-pager] [--no-replace-objects] [--no-lazy-fetch]\n           [--no-optional-locks] [--no-advice] [--bare] [--git-dir=<path>]\n           [--work-tree=<path>] [--namespace=<name>] [--config-env=<name>=<envvar>]\n           <command> [<args>]\n\nThese are common Git commands used in various situations:\n\nstart a working area (see also: git help tutorial)\n   clone      Clone a repository into a new directory\n   init       Create an empty Git repository or reinitialize an existing one\n\nwork on the current change (see also: git help everyday)\n   add        Add file contents to the index\n   mv         Move or rename a file, a directory, or a symlink\n   restore    Restore working tree files\n   rm         Remove files from the working tree and from the index\n\nexamine the history and state (see also: git help revisions)\n   bisect     Use binary search to find the commit that introduced a bug\n   diff       Show changes between commits, commit and working tree, etc\n   grep       Print lines matching a pattern\n   log        Show commit logs\n   show       Show various types of objects\n   status     Show the working tree status\n\ngrow, mark and tweak your common history\n   backfill   Download missing objects in a partial clone\n   branch     List, create, or delete branches\n   commit     Record changes to the repository\n   merge      Join two or more development histories together\n   rebase     Reapply commits on top of another base tip\n   reset      Reset current HEAD to the specified state\n   switch     Switch branches\n   tag        Create, list, delete or verify a tag object signed with GPG\n\ncollaborate (see also: git help workflows)\n   fetch      Download objects and refs from another repository\n   pull       Fetch from and integrate with another repository or a local branch\n   push       Update remote refs along with associated objects\n\n'git help -a' and 'git help -g' list available subcommands and some\nconcept guides. See 'git help <command>' or 'git help <concept>'\nto read about a specific subcommand or concept.\nSee 'git help git' for an overview of the system.\n""
[0m14:50:48.747375 [debug] [MainThread]: STDERR: "b''"
[0m14:50:48.748375 [info ] [MainThread]:  - git [[32mOK found[0m]

[0m14:50:48.748375 [info ] [MainThread]: Connection:
[0m14:50:48.749882 [info ] [MainThread]:   host: 127.0.0.1
[0m14:50:48.750890 [info ] [MainThread]:   port: 5432
[0m14:50:48.752889 [info ] [MainThread]:   user: dbt_user
[0m14:50:48.753905 [info ] [MainThread]:   database: dbt_tutorial
[0m14:50:48.754891 [info ] [MainThread]:   schema: analytics
[0m14:50:48.755893 [info ] [MainThread]:   connect_timeout: 10
[0m14:50:48.755893 [info ] [MainThread]:   role: None
[0m14:50:48.756887 [info ] [MainThread]:   search_path: None
[0m14:50:48.757887 [info ] [MainThread]:   keepalives_idle: 0
[0m14:50:48.757887 [info ] [MainThread]:   sslmode: None
[0m14:50:48.758888 [info ] [MainThread]:   sslcert: None
[0m14:50:48.758888 [info ] [MainThread]:   sslkey: None
[0m14:50:48.760392 [info ] [MainThread]:   sslrootcert: None
[0m14:50:48.762408 [info ] [MainThread]:   application_name: dbt
[0m14:50:48.764399 [info ] [MainThread]:   retries: 1
[0m14:50:48.766398 [info ] [MainThread]: Registered adapter: postgres=1.10.0
[0m14:50:49.118755 [debug] [MainThread]: Acquiring new postgres connection 'debug'
[0m14:50:49.369398 [debug] [MainThread]: Using postgres connection "debug"
[0m14:50:49.370902 [debug] [MainThread]: On debug: select 1 as id
[0m14:50:49.371907 [debug] [MainThread]: Opening a new connection, currently in state init
[0m14:50:49.425483 [debug] [MainThread]: SQL status: SELECT 1 in 0.054 seconds
[0m14:50:49.427485 [debug] [MainThread]: On debug: Close
[0m14:50:49.429494 [info ] [MainThread]:   Connection test: [[32mOK connection ok[0m]

[0m14:50:49.432485 [info ] [MainThread]: [31m1 check failed:[0m
[0m14:50:49.435040 [info ] [MainThread]: Project loading failed for the following reason:
 project path <C:\Users\flash\Desktop\Jobvorbereitungen\Projekte\DBT\dbt_project.yml> not found

[0m14:50:49.440035 [debug] [MainThread]: Command `dbt debug` failed at 14:50:49.440035 after 1.04 seconds
[0m14:50:49.443025 [debug] [MainThread]: Connection 'debug' was properly closed.
[0m14:50:49.443025 [debug] [MainThread]: Sending event: {'category': 'dbt', 'action': 'invocation', 'label': 'end', 'context': [<snowplow_tracker.self_describing_json.SelfDescribingJson object at 0x000001D594E86BD0>, <snowplow_tracker.self_describing_json.SelfDescribingJson object at 0x000001D5938D0750>, <snowplow_tracker.self_describing_json.SelfDescribingJson object at 0x000001D59496D210>]}
[0m14:50:49.444531 [debug] [MainThread]: Flushing usage events
[0m14:50:49.907071 [debug] [MainThread]: An error was encountered while trying to flush usage events
